// Jest Snapshot v1, https://goo.gl/fbAQLP

exports[`CustomButton Renders correctly 1`] = `
<View
  accessible={true}
  collapsable={false}
  focusable={true}
  onBlur={[Function]}
  onClick={[Function]}
  onFocus={[Function]}
  onResponderGrant={[Function]}
  onResponderMove={[Function]}
  onResponderRelease={[Function]}
  onResponderTerminate={[Function]}
  onResponderTerminationRequest={[Function]}
  onStartShouldSetResponder={[Function]}
  style={
    Object {
      "alignItems": "center",
      "backgroundColor": "#19456B",
      "borderRadius": 5,
      "margin": 20,
      "padding": 15,
    }
  }
  testID="example-button"
>
  <Text
    style={
      Object {
        "color": "#FFFFFF",
        "fontWeight": "bold",
      }
    }
  >
    Test text
  </Text>
</View>
`;
